Warning[w6]: Type conflict for external/entry "MotorTimer", in module motor_control against external/entry in module timers; different basic types
  /* In module motor_control: */
  int volatile MotorTimer;
  /* In module timers: */
  unsigned int volatile MotorTimer;
################################################################################
#                                                                              #
#      IAR Universal Linker V5.7.0.39                                          #
#                                                                              #
#           Link time     =  04/Apr/2014  00:31:20                             #
#           Target CPU    =  MSP430                                            #
#           List file     =  C:\Users\Nathan\Documents\GitHub\ece-306-HW9\Debu #
#                            g\List\Homework_09.map                            #
#           Output file 1 =  C:\Users\Nathan\Documents\GitHub\ece-306-HW9\Debu #
#                            g\Exe\Homework_09.d43                             #
#                            Format: debug                                     #
#                            UBROF version 10.0.6                              #
#                            Using library modules for C-SPY (-rt)             #
#           Command line  =  C:\Users\Nathan\Documents\GitHub\ece-306-HW9\Debu #
#                            g\Obj\adc.r43                                     #
#                            C:\Users\Nathan\Documents\GitHub\ece-306-HW9\Debu #
#                            g\Obj\clocks.r43                                  #
#                            C:\Users\Nathan\Documents\GitHub\ece-306-HW9\Debu #
#                            g\Obj\init.r43                                    #
#                            C:\Users\Nathan\Documents\GitHub\ece-306-HW9\Debu #
#                            g\Obj\interrupts.r43                              #
#                            C:\Users\Nathan\Documents\GitHub\ece-306-HW9\Debu #
#                            g\Obj\LCD.r43                                     #
#                            C:\Users\Nathan\Documents\GitHub\ece-306-HW9\Debu #
#                            g\Obj\main.r43                                    #
#                            C:\Users\Nathan\Documents\GitHub\ece-306-HW9\Debu #
#                            g\Obj\menu.r43                                    #
#                            C:\Users\Nathan\Documents\GitHub\ece-306-HW9\Debu #
#                            g\Obj\motor_control.r43                           #
#                            C:\Users\Nathan\Documents\GitHub\ece-306-HW9\Debu #
#                            g\Obj\ports.r43                                   #
#                            C:\Users\Nathan\Documents\GitHub\ece-306-HW9\Debu #
#                            g\Obj\prgm_control.r43                            #
#                            C:\Users\Nathan\Documents\GitHub\ece-306-HW9\Debu #
#                            g\Obj\switch.r43                                  #
#                            C:\Users\Nathan\Documents\GitHub\ece-306-HW9\Debu #
#                            g\Obj\system.r43                                  #
#                            C:\Users\Nathan\Documents\GitHub\ece-306-HW9\Debu #
#                            g\Obj\timers.r43                                  #
#                            C:\Users\Nathan\Documents\GitHub\ece-306-HW9\Debu #
#                            g\Obj\timersB2.r43                                #
#                            -o                                                #
#                            C:\Users\Nathan\Documents\GitHub\ece-306-HW9\Debu #
#                            g\Exe\Homework_09.d43                             #
#                            -l                                                #
#                            C:\Users\Nathan\Documents\GitHub\ece-306-HW9\Debu #
#                            g\List\Homework_09.map                            #
#                            -xesni                                            #
#                            "-IC:\Program Files (x86)\IAR Systems\Embedded Wo #
#                            rkbench 6.5\430\LIB\"                             #
#                            -f                                                #
#                            "C:\Program Files (x86)\IAR Systems\Embedded Work #
#                            bench 6.5\430\CONFIG\lnk430FR5739.xcl"            #
#                            (-cmsp430 -QCODE_I=CODE_ID -QTLS16_I=TLS16_ID     #
#                            -Z(DATA)DATA16_I,DATA16_Z,DATA16_N,TLS16_I,DATA16 #
#                            _HEAP+_DATA16_HEAP_SIZE=1C00-1FFF                 #
#                            -Z(DATA)CODE_I -Z(DATA)CSTACK+_STACK_SIZE#        #
#                            -Z(CONST)DATA16_C,DATA16_ID,DATA16_P,TLS16_ID,DIF #
#                            UNCT,CHECKSUM=C200-FF8F                           #
#                            -Z(CODE)CSTART,ISR_CODE,CODE_ID=C200-FF8F         #
#                            -P(CODE)CODE=C200-FF8F -Z(CODE)INTVEC=FF90-FFFF   #
#                            -Z(CODE)RESET=FFFE-FFFF) -f                       #
#                            "C:\Program Files (x86)\IAR Systems\Embedded Work #
#                            bench 6.5\430\config\multiplier32_loc2.xcl"       #
#                            (-e?Mul8HwLoc2=?Mul8 -e?Mul16HwLoc2=?Mul16        #
#                            -e?Mul16to32uHwLoc2=?Mul16to32u                   #
#                            -e?Mul16to32sHwLoc2=?Mul16to32s                   #
#                            -e?Mul32Hw32Loc2=?Mul32                           #
#                            -e?Mul64Hw32Loc2=_Mul64i                          #
#                            -e?Mul32u32uto64iHw32Loc2=_Mul32u32uto64i         #
#                            -e?Mul32fHwLoc2=_Mul32f                           #
#                            -e_Mul64fHwPtrLoc2=_Mul64fPtr) -D_STACK_SIZE=A0   #
#                            -rt                                               #
#                            "C:\Program Files (x86)\IAR Systems\Embedded Work #
#                            bench 6.5\430\LIB\DLIB\dl430xsfn.r43"             #
#                            -e_PrintfLarge=_Printf -e_ScanfLarge=_Scanf       #
#                            -D_DATA16_HEAP_SIZE=A0 -s __program_start         #
#                            -D_DATA20_HEAP_SIZE=50                            #
#                                                                              #
#                           Copyright (C) 1987-2013 IAR Systems AB.            #
################################################################################





                ****************************************
                *                                      *
                *           CROSS REFERENCE            *
                *                                      *
                ****************************************

       Program entry at :           C4B8  Relocatable, from module : ?cstart




                ****************************************
                *                                      *
                *            RUNTIME MODEL             *
                *                                      *
                ****************************************

  __Heap_Handler             = Basic
  __SystemLibrary            = DLib
  __core                     = 430X
  __data_model               = small
  __dlib_file_descriptor     = 0
  __dlib_full_locale_support = 0
  __double_size              = 32
  __pic                      = no
  __reg_r4                   = free
  __reg_r5                   = free
  __rt_version               = 3

                ****************************************
                *                                      *
                *    AUTOMATIC SYMBOL REDIRECTIONS     *
                *                                      *
                ****************************************

                  There are no automatic symbol redirections.

                ****************************************
                *                                      *
                *              ENTRY LIST              *
                *                                      *
                ****************************************

Module  Entry                              Address
------  -----                              -------
?FILLER_BYTES
?ABS_ENTRY_MOD
        _DATA20_HEAP_SIZE                   0050
        _DATA16_HEAP_SIZE                   00A0
        _STACK_SIZE                         00A0
adc ( C:\Users\Nathan\Documents\GitHub\ece-306-HW9\Debug\Obj\adc.r43 )
        _A_ADC10CTL0_L                      0700
        _A_ADC10CTL1_L                      0702
        _A_ADC10MCTL0_L                     070A
        _A_ADC10MEM0_L                      0712
        _A_ADC10IV_L                        071E
        _A_PAOUT_L                          0202
        ADC_Thumb                           1CE2
        ADC_LeftIR                          1CE4
        ADC_RightIR                         1CE6
        OldThumb                            1CE8
        ScrollIndex                         1CEA
        AdcChannel                          1CEC
        ADC10_ISR                           C4E0
        ADC_Process                         CCC4
        ADC10_ISR::??INTVEC 92              FFEC
        ?setjmp_save_r4                     NOT NEEDED
        ?setjmp_save_r5                     NOT NEEDED
        ADC10CTL0                           0700
        ADC10CTL0_H                         0701
        ADC10CTL0_L                         0700
        ADC10CTL1                           0702
        ADC10CTL1_H                         0703
        ADC10CTL1_L                         0702
        ADC10MCTL0                          070A
        ADC10MCTL0_H                        070B
        ADC10MCTL0_L                        070A
        ADC10MEM0                           0712
        ADC10MEM0_H                         0713
        ADC10MEM0_L                         0712
        ADC10IV                             071E
        ADC10IV_H                           071F
        ADC10IV_L                           071E
        PAOUT                               0202
        PAOUT_H                             0203
        PAOUT_L                             0202
clocks ( C:\Users\Nathan\Documents\GitHub\ece-306-HW9\Debug\Obj\clocks.r43 )
        _A_CSCTL0_L                         0160
        _A_CSCTL1_L                         0162
        _A_CSCTL2_L                         0164
        _A_CSCTL3_L                         0166
        _A_WDTCTL_L                         015C
        Init_Clocks                         CB9A
        ?setjmp_save_r4                     NOT NEEDED
        ?setjmp_save_r5                     NOT NEEDED
        CSCTL0                              0160
        CSCTL0_H                            0161
        CSCTL0_L                            0160
        CSCTL1                              0162
        CSCTL1_H                            0163
        CSCTL1_L                            0162
        CSCTL2                              0164
        CSCTL2_H                            0165
        CSCTL2_L                            0164
        CSCTL3                              0166
        CSCTL3_H                            0167
        CSCTL3_L                            0166
        WDTCTL                              015C
        WDTCTL_H                            015D
        WDTCTL_L                            015C
init ( C:\Users\Nathan\Documents\GitHub\ece-306-HW9\Debug\Obj\init.r43 )
        Init_Conditions                     CD32
        ?setjmp_save_r4                     NOT NEEDED
        ?setjmp_save_r5                     NOT NEEDED
interrupts ( C:\Users\Nathan\Documents\GitHub\ece-306-HW9\Debug\Obj\interrupts.r43 )
        _A_ADC10CTL0_L                      NOT NEEDED
        _A_ADC10CTL1_L                      NOT NEEDED
        _A_ADC10CTL2_L                      0704
        _A_ADC10MCTL0_L                     NOT NEEDED
        _A_ADC10IE_L                        071A
        _A_PBIES_L                          0238
        _A_PBIE_L                           023A
        _A_PBIFG_L                          023C
        TA0CTL                              0340
        TA0CCTL0                            0342
        TA0CCR0                             0352
        TA0EX0                              0360
        sw1Debounce                         NOT NEEDED
        sw2Debounce                         NOT NEEDED
        Init_Interrupts                     C6D6
        ?setjmp_save_r4                     NOT NEEDED
        ?setjmp_save_r5                     NOT NEEDED
        ADC10CTL0                           0700
        ADC10CTL0_H                         0701
        ADC10CTL0_L                         0700
        ADC10CTL1                           0702
        ADC10CTL1_H                         0703
        ADC10CTL1_L                         0702
        ADC10CTL2                           0704
        ADC10CTL2_H                         0705
        ADC10CTL2_L                         0704
        ADC10MCTL0                          070A
        ADC10MCTL0_H                        070B
        ADC10MCTL0_L                        070A
        ADC10IE                             071A
        ADC10IE_H                           071B
        ADC10IE_L                           071A
        PBIES                               0238
        PBIES_H                             0239
        PBIES_L                             0238
        PBIE                                023A
        PBIE_H                              023B
        PBIE_L                              023A
        PBIFG                               023C
        PBIFG_H                             023D
        PBIFG_L                             023C
LCD ( C:\Users\Nathan\Documents\GitHub\ece-306-HW9\Debug\Obj\LCD.r43 )
        _A_PAOUT_L                          NOT NEEDED
        _A_UCB0CTLW0_L                      0640
        _A_UCB0BRW_L                        0646
        _A_UCB0TXBUF_L                      064E
        _A_UCB0IFG_L                        066C
        lcd_control                         NOT NEEDED
        display_line_1                      NOT NEEDED
        display_line_2                      NOT NEEDED
        display_1                           1CEE
        display_2                           1CF0
        char_count                          1CF2
        current_line                        1D02
        update_display_count                NOT NEEDED
        display_update_time                 NOT NEEDED
        Init_SPI_B0                         CB2E
        SPI_B0_write                        CC78
        spi_rs_data                         CCF6
        spi_rs_command                      CCEE
        spi_chipselect_idle                 CCFE
        spi_chipselect_active               CD06
        spi_reset_idle                      CD0E
        spi_reset_active                    CCE6
        Init_LCD                            C83A
        lcd_write                           C9F8
        lcd_command                         NOT NEEDED
        lcd_putc                            CAA0
        lcd_puts                            NOT NEEDED
        lcd_out                             CB54
        Display_Process                     CC60
        ?setjmp_save_r4                     NOT NEEDED
        ?setjmp_save_r5                     NOT NEEDED
        PAOUT                               0202
        PAOUT_H                             0203
        PAOUT_L                             0202
        UCB0CTLW0                           0640
        UCB0CTLW0_H                         0641
        UCB0CTLW0_L                         0640
        UCB0BRW                             0646
        UCB0BRW_H                           0647
        UCB0BRW_L                           0646
        UCB0TXBUF                           064E
        UCB0TXBUF_H                         064F
        UCB0TXBUF_L                         064E
        UCB0IFG                             066C
        UCB0IFG_H                           066D
        UCB0IFG_L                           066C
main ( C:\Users\Nathan\Documents\GitHub\ece-306-HW9\Debug\Obj\main.r43 )
        control_state                       NOT NEEDED
        Time_Sequence                       1CF4
        led_smclk                           NOT NEEDED
        one_time                            1D03
        main                                C9A8
        ?setjmp_save_r4                     NOT NEEDED
        ?setjmp_save_r5                     NOT NEEDED
menu ( C:\Users\Nathan\Documents\GitHub\ece-306-HW9\Debug\Obj\menu.r43 )
        isQuit                              1D04
        isSelected                          1D05
        Song                                1C00
        ResistorMenu                        C788
        ShapesMenu                          C5EE
        SongMenu                            C8C8
        Menu_Process                        CB00
        MenuSelect                          CD1C
        MenuQuit                            CD16
        ?setjmp_save_r4                     NOT NEEDED
        ?setjmp_save_r5                     NOT NEEDED
motor_control ( C:\Users\Nathan\Documents\GitHub\ece-306-HW9\Debug\Obj\motor_control.r43 )
        _A_PBOUT_L                          0222
        Motors_Process                      NOT NEEDED
        leftForward                         NOT NEEDED
        leftReverse                         NOT NEEDED
        rightForward                        NOT NEEDED
        rightReverse                        NOT NEEDED
        rightStop                           NOT NEEDED
        leftStop                            NOT NEEDED
        allStop                             NOT NEEDED
        timedForward                        NOT NEEDED
        timedReverse                        NOT NEEDED
        timedLeft                           NOT NEEDED
        timedRight                          NOT NEEDED
        timedSpinCW                         NOT NEEDED
        timedSpinCCW                        NOT NEEDED
        circleCW                            NOT NEEDED
        circleCCW                           NOT NEEDED
        figureEight                         NOT NEEDED
        triangle                            NOT NEEDED
        ?setjmp_save_r4                     NOT NEEDED
        ?setjmp_save_r5                     NOT NEEDED
        PBOUT                               0222
        PBOUT_H                             0223
        PBOUT_L                             0222
ports ( C:\Users\Nathan\Documents\GitHub\ece-306-HW9\Debug\Obj\ports.r43 )
        _A_PAOUT_L                          NOT NEEDED
        _A_PADIR_L                          0204
        _A_PAREN_L                          0206
        _A_PASEL0_L                         020A
        _A_PASEL1_L                         020C
        _A_PBOUT_L                          NOT NEEDED
        _A_PBDIR_L                          0224
        _A_PBREN_L                          0226
        _A_PBSEL0_L                         022A
        _A_PBSEL1_L                         022C
        _A_PJOUT_L                          0322
        _A_PJDIR_L                          0324
        _A_PJREN_L                          0326
        _A_PJSEL0_L                         032A
        _A_PJSEL1_L                         032C
        Init_Ports                          CC8C
        Init_Port1                          CA6C
        Init_Port2                          CAD0
        Init_Port3                          CBDE
        Init_Port4                          CB78
        Init_PortJ                          CBBC
        ?setjmp_save_r4                     NOT NEEDED
        ?setjmp_save_r5                     NOT NEEDED
        PAOUT                               0202
        PAOUT_H                             0203
        PAOUT_L                             0202
        PADIR                               0204
        PADIR_H                             0205
        PADIR_L                             0204
        PAREN                               0206
        PAREN_H                             0207
        PAREN_L                             0206
        PASEL0                              020A
        PASEL0_H                            020B
        PASEL0_L                            020A
        PASEL1                              020C
        PASEL1_H                            020D
        PASEL1_L                            020C
        PBOUT                               0222
        PBOUT_H                             0223
        PBOUT_L                             0222
        PBDIR                               0224
        PBDIR_H                             0225
        PBDIR_L                             0224
        PBREN                               0226
        PBREN_H                             0227
        PBREN_L                             0226
        PBSEL0                              022A
        PBSEL0_H                            022B
        PBSEL0_L                            022A
        PBSEL1                              022C
        PBSEL1_H                            022D
        PBSEL1_L                            022C
        PJOUT                               0322
        PJOUT_H                             0323
        PJOUT_L                             0322
        PJDIR                               0324
        PJDIR_H                             0325
        PJDIR_L                             0324
        PJREN                               0326
        PJREN_H                             0327
        PJREN_L                             0326
        PJSEL0                              032A
        PJSEL0_H                            032B
        PJSEL0_L                            032A
        PJSEL1                              032C
        PJSEL1_H                            032D
        PJSEL1_L                            032C
prgm_control ( C:\Users\Nathan\Documents\GitHub\ece-306-HW9\Debug\Obj\prgm_control.r43 )
        LeftMotorPower                      NOT NEEDED
        RightMotorPower                     NOT NEEDED
        ProgramState                        1CF6
        OldState                            NOT NEEDED
        IsLight                             NOT NEEDED
        WasLight                            NOT NEEDED
        Control_Process                     C948
        ?setjmp_save_r4                     NOT NEEDED
        ?setjmp_save_r5                     NOT NEEDED
switch ( C:\Users\Nathan\Documents\GitHub\ece-306-HW9\Debug\Obj\switch.r43 )
        _A_PBIN_L                           0220
        _A_PBIFG_L                          NOT NEEDED
        Port_4                              C546
        Switches_Process                    NOT NEEDED
        isPressed                           NOT NEEDED
        Port_4::??INTVEC 64                 FFD0
        ?setjmp_save_r4                     NOT NEEDED
        ?setjmp_save_r5                     NOT NEEDED
        PBIN                                0220
        PBIN_H                              0221
        PBIN_L                              0220
        PBIFG                               023C
        PBIFG_H                             023D
        PBIFG_L                             023C
system ( C:\Users\Nathan\Documents\GitHub\ece-306-HW9\Debug\Obj\system.r43 )
        enable_interrupts                   CD2E
        ?setjmp_save_r4                     NOT NEEDED
        ?setjmp_save_r5                     NOT NEEDED
timers ( C:\Users\Nathan\Documents\GitHub\ece-306-HW9\Debug\Obj\timers.r43 )
        _A_PBOUT_L                          NOT NEEDED
        TimeMsec                            1CF8
        CommTimer                           1CFA
        MotorTimer                          1CFC
        DebounceTimer                       1CFE
        Timer0_A0                           C580
        Init_Timers                         CD2A
        waitMsec                            NOT NEEDED
        Timer0_A0::??INTVEC 90              FFEA
        ?setjmp_save_r4                     NOT NEEDED
        ?setjmp_save_r5                     NOT NEEDED
        PBOUT                               0222
        PBOUT_H                             0223
        PBOUT_L                             0222
timersB2 ( C:\Users\Nathan\Documents\GitHub\ece-306-HW9\Debug\Obj\timersB2.r43 )
        TB2CTL                              0440
        TB2CCTL0                            0442
        TB2CCR0                             0452
        TB2CCR1                             0454
        TB2CCR2                             0456
        TB2IV                               046E
        TB2EX0                              0460
        five_msec_count                     1D00
        sleeping                            NOT NEEDED
        sleeptime                           NOT NEEDED
        Init_Timer_B2                       CC16
        measure_delay                       NOT NEEDED
        usleep10                            CC30
        five_msec_sleep                     CCD6
        led_blink                           NOT NEEDED
        gps_resetting                       NOT NEEDED
        gps_2b_reset                        NOT NEEDED
        reset_gps_time                      NOT NEEDED
        transmit_delay                      NOT NEEDED
        transmit_time                       NOT NEEDED
        Timer2_B0_ISR                       C5A8
        TIMER2_B1_ISR                       C5C4
        TIMER2_B1_ISR::??INTVEC 68          FFD4
        Timer2_B0_ISR::??INTVEC 70          FFD6
        ?setjmp_save_r4                     NOT NEEDED
        ?setjmp_save_r5                     NOT NEEDED
?abort ( C:\Program Files (x86)\IAR Systems\Embedded Workbench 6.5\430\LIB\DLIB\dl430xsfn.r43 )
        abort                               NOT NEEDED
?__dbg_break ( C:\Program Files (x86)\IAR Systems\Embedded Workbench 6.5\430\LIB\DLIB\dl430xsfn.r43 )
        __DebugBreak                        CD3A
?__dwrite ( C:\Program Files (x86)\IAR Systems\Embedded Workbench 6.5\430\LIB\DLIB\dl430xsfn.r43 )
        __dwrite                            NOT NEEDED
?__exit ( C:\Program Files (x86)\IAR Systems\Embedded Workbench 6.5\430\LIB\DLIB\dl430xsfn.r43 )
        __exit                              CC48
?__write ( C:\Program Files (x86)\IAR Systems\Embedded Workbench 6.5\430\LIB\DLIB\dl430xsfn.r43 )
        __write                             NOT NEEDED
?_exit ( C:\Program Files (x86)\IAR Systems\Embedded Workbench 6.5\430\LIB\DLIB\dl430xsfn.r43 )
        _exit                               CD36
        __cstart_call_dtors                 NOT NEEDED
        __cstart_closeall                   NOT NEEDED
        __cstart_clearlocks                 NOT NEEDED
?cppinit ( C:\Program Files (x86)\IAR Systems\Embedded Workbench 6.5\430\LIB\DLIB\dl430xsfn.r43 )
        __call_ctors                        NOT NEEDED
        __alloc_record_needed_destruction   NOT NEEDED
        __record_needed_destruction         NOT NEEDED
        __call_dtors                        NOT NEEDED
        __data16_vec_cctor                  NOT NEEDED
?cstart ( C:\Program Files (x86)\IAR Systems\Embedded Workbench 6.5\430\LIB\DLIB\dl430xsfn.r43 )
        __program_start                     C4B8
        ?cstart_begin                       C4B8
        ?cstart_call_low_level_init         NOT NEEDED
        ?cstart_init_copy_ramfunc           NOT NEEDED
        ?cstart_init_zero                   C4BC
        ?cstart_init_copy                   C4C8
        ?cstart_init_zero20                 NOT NEEDED
        ?cstart_init_copy20                 NOT NEEDED
        __cstart_init_tls                   NOT NEEDED
        ?cstart_call_ctors                  NOT NEEDED
        ?cstart_call_main                   C4D8
        ?cstart_end                         C4E0
lowinit ( C:\Program Files (x86)\IAR Systems\Embedded Workbench 6.5\430\LIB\DLIB\dl430xsfn.r43 )
        __low_level_init                    NOT NEEDED
?reset_vector ( C:\Program Files (x86)\IAR Systems\Embedded Workbench 6.5\430\LIB\DLIB\dl430xsfn.r43 )
        ?reset_vector                       FFFE
?exit ( C:\Program Files (x86)\IAR Systems\Embedded Workbench 6.5\430\LIB\DLIB\dl430xsfn.r43 )
        exit                                CD22
?malloc ( C:\Program Files (x86)\IAR Systems\Embedded Workbench 6.5\430\LIB\DLIB\dl430xsfn.r43 )
        malloc                              NOT NEEDED
?DivMod816u ( C:\Program Files (x86)\IAR Systems\Embedded Workbench 6.5\430\LIB\DLIB\dl430xsfn.r43 )
        ?DivMod8u                           CBFA
        ?DivMod16u                          CBFE
?DivMod816s ( C:\Program Files (x86)\IAR Systems\Embedded Workbench 6.5\430\LIB\DLIB\dl430xsfn.r43 )
        ?DivMod8s                           CA38
        ?DivMod16s                          CA3C
?memcpy ( C:\Program Files (x86)\IAR Systems\Embedded Workbench 6.5\430\LIB\DLIB\dl430xsfn.r43 )
        memcpy                              CCB2
?memmove ( C:\Program Files (x86)\IAR Systems\Embedded Workbench 6.5\430\LIB\DLIB\dl430xsfn.r43 )
        memmove                             NOT NEEDED
?memzero ( C:\Program Files (x86)\IAR Systems\Embedded Workbench 6.5\430\LIB\DLIB\dl430xsfn.r43 )
        __data16_memzero                    CCA0
        __data16_memcpy                     CD26
        __data16_memmove                    NOT NEEDED
?setjmp ( C:\Program Files (x86)\IAR Systems\Embedded Workbench 6.5\430\LIB\DLIB\dl430xsfn.r43 )
        setjmp                              NOT NEEDED
        ?setjmp_r5                          NOT NEEDED
        ?setjmp_r4                          NOT NEEDED
        ?setjmp_end                         NOT NEEDED
?longjmp ( C:\Program Files (x86)\IAR Systems\Embedded Workbench 6.5\430\LIB\DLIB\dl430xsfn.r43 )
        longjmp                             NOT NEEDED
        ?longjmp_r5                         NOT NEEDED
        ?longjmp_r4                         NOT NEEDED
        ?longjmp_end                        NOT NEEDED
?IndCallR11 ( C:\Program Files (x86)\IAR Systems\Embedded Workbench 6.5\430\LIB\DLIB\dl430xsfn.r43 )
        ?IndCallR11                         NOT NEEDED
?IndCallR15 ( C:\Program Files (x86)\IAR Systems\Embedded Workbench 6.5\430\LIB\DLIB\dl430xsfn.r43 )
        ?IndCallR15                         NOT NEEDED
?xcloseall ( C:\Program Files (x86)\IAR Systems\Embedded Workbench 6.5\430\LIB\DLIB\dl430xsfn.r43 )
        _Close_all                          NOT NEEDED
?xgetmemchunk ( C:\Program Files (x86)\IAR Systems\Embedded Workbench 6.5\430\LIB\DLIB\dl430xsfn.r43 )
        __data16_GetMemChunk                NOT NEEDED
?xxmemxfree ( C:\Program Files (x86)\IAR Systems\Embedded Workbench 6.5\430\LIB\DLIB\dl430xsfn.r43 )
        __data16_free                       NOT NEEDED
?xxmemxmalloc ( C:\Program Files (x86)\IAR Systems\Embedded Workbench 6.5\430\LIB\DLIB\dl430xsfn.r43 )
        __data16_Aldata                     NOT NEEDED
        __data16_malloc                     NOT NEEDED
        __data16_findmem                     LOCAL, NOT NEEDED


                ****************************************
                *                                      *
                *            MODULE SUMMARY            *
                *                                      *
                ****************************************

Module               CODE      DATA      CONST
------               ----      ----      -----
                    (Rel)  (Rel)  (Abs)  (Rel)
?DivMod816s            52
?DivMod816u            28
?__dbg_break            2
?__exit                24
?_exit                  4
?cstart                40
?exit                   4
?memcpy                18
?memzero               22
?reset_vector           2
LCD                   420      7      8
adc                   120     12      4
  + shared             94             8
  + common
clocks                 34            10
init                    4
interrupts            178            16
  + shared                            2
main                   80      3            34
menu                  596    227           576
motor_control
  + shared                            2
ports                 216            26
prgm_control           96      2            85
switch                 58             2
  + common             66
system                  4
timers                 44      8
  + common             92
timersB2              136      2     14
  + common             72
N/A (command line)           160
N/A (alignment)
----------          -----    ---     --    ---
Total:              2 182    421     92    695
  + common             94


                ****************************************
                *                                      *
                *      SEGMENTS IN ADDRESS ORDER       *
                *                                      *
                ****************************************


SEGMENT              SPACE    START ADDRESS   END ADDRESS     SIZE  TYPE  ALIGN
=======              =====    =============   ===========     ====  ====  =====
DATA16_AN                              015C - 015D               2   rel    0
                                       0160 - 0167               8 
                                       0202 - 0207               6 
                                       020A - 020D               4 
                                       0220 - 0227               8 
                                       022A - 022D               4 
                                       0238 - 023D               6 
                                       0322 - 0327               6 
                                       032A - 032D               4 
                                       0340 - 0343               4 
                                       0352 - 0353               2 
                                       0360 - 0361               2 
                                       0440 - 0443               4 
                                       0452 - 0457               6 
                                       0460 - 0461               2 
                                       046E - 046F               2 
                                       0640 - 0641               2 
                                       0646 - 0647               2 
                                       064E - 064F               2 
                                       066C - 066D               2 
                                       0700 - 0705               6 
                                       070A - 070B               2 
                                       0712 - 0713               2 
                                       071A - 071B               2 
                                       071E - 071F               2 
DATA16_I                               1C00 - 1CE0              E1   rel    1
DATA16_Z                               1CE2 - 1D05              24   rel    1
CSTACK                                 1F60 - 1FFF              A0   rel    1
DATA16_C                               C200 - C3D5             1D6   rel    0
DATA16_ID                              C3D6 - C4B6              E1   rel    1
CSTART                                 C4B8 - C4DF              28   rel    1
ISR_CODE                               C4E0 - C5ED             10E   rel    1
<CODE> 1                               C5EE - CD3B             74E   rel    1
INTVEC                                 FF90 - FFED              5E   com    1
RESET                                  FFFE - FFFF               2   rel    1

                ****************************************
                *                                      *
                *        END OF CROSS REFERENCE        *
                *                                      *
                ****************************************

 2 276 bytes of CODE  memory
   421 bytes of DATA  memory (+ 92 absolute )
   695 bytes of CONST memory

Errors: none
Warnings: 1

