###############################################################################
#                                                                             #
# IAR C/C++ Compiler V5.60.5.50814/W32 for MSP430       03/Apr/2014  00:02:39 #
# Copyright 1996-2013 IAR Systems AB.                                         #
#                                                                             #
#    __rt_version  =  3                                                       #
#    __double_size =  32                                                      #
#    __reg_r4      =  free                                                    #
#    __reg_r5      =  free                                                    #
#    __pic         =  no                                                      #
#    __core        =  430X                                                    #
#    __data_model  =  small                                                   #
#    Source file   =  C:\Users\Nathan\Documents\GitHub\ece306-gps-receiver\in #
#                     terrupts.c                                              #
#    Command line  =  C:\Users\Nathan\Documents\GitHub\ece306-gps-receiver\in #
#                     terrupts.c -lC C:\Users\Nathan\Documents\GitHub\ece306- #
#                     gps-receiver\Debug\List\ -o                             #
#                     C:\Users\Nathan\Documents\GitHub\ece306-gps-receiver\De #
#                     bug\Obj\ --no_cse --no_unroll --no_inline               #
#                     --no_code_motion --no_tbaa --debug -D__MSP430FR5739__   #
#                     -e --double=32 --dlib_config "C:\Program Files          #
#                     (x86)\IAR Systems\Embedded Workbench                    #
#                     6.5\430\LIB\DLIB\dl430xsfn.h" --core=430X               #
#                     --data_model=small -Ol --multiplier=32                  #
#                     --multiplier_location=4C0 --hw_workaround=CPU40         #
#    List file     =  C:\Users\Nathan\Documents\GitHub\ece306-gps-receiver\De #
#                     bug\List\interrupts.lst                                 #
#    Object file   =  C:\Users\Nathan\Documents\GitHub\ece306-gps-receiver\De #
#                     bug\Obj\interrupts.r43                                  #
#                                                                             #
#                                                                             #
###############################################################################

C:\Users\Nathan\Documents\GitHub\ece306-gps-receiver\interrupts.c
      1          #include  "msp430.h"

   \                                 In  segment DATA16_AN, at 0x700
   \   union <unnamed> _A_ADC10CTL0_L
   \                     _A_ADC10CTL0_L:
   \   000000                DS8 2

   \                                 In  segment DATA16_AN, at 0x702
   \   union <unnamed> _A_ADC10CTL1_L
   \                     _A_ADC10CTL1_L:
   \   000000                DS8 2

   \                                 In  segment DATA16_AN, at 0x704
   \   union <unnamed> _A_ADC10CTL2_L
   \                     _A_ADC10CTL2_L:
   \   000000                DS8 2

   \                                 In  segment DATA16_AN, at 0x70a
   \   union <unnamed> _A_ADC10MCTL0_L
   \                     _A_ADC10MCTL0_L:
   \   000000                DS8 2

   \                                 In  segment DATA16_AN, at 0x71a
   \   union <unnamed> _A_ADC10IE_L
   \                     _A_ADC10IE_L:
   \   000000                DS8 2

   \                                 In  segment DATA16_AN, at 0x238
   \   union <unnamed> _A_PBIES_L
   \                     _A_PBIES_L:
   \   000000                DS8 2

   \                                 In  segment DATA16_AN, at 0x23a
   \   union <unnamed> _A_PBIE_L
   \                     _A_PBIE_L:
   \   000000                DS8 2

   \                                 In  segment DATA16_AN, at 0x23c
   \   union <unnamed> _A_PBIFG_L
   \                     _A_PBIFG_L:
   \   000000                DS8 2

   \                                 In  segment DATA16_AN, at 0x340
   \   unsigned short volatile TA0CTL
   \                     TA0CTL:
   \   000000                DS8 2

   \                                 In  segment DATA16_AN, at 0x342
   \   unsigned short volatile TA0CCTL0
   \                     TA0CCTL0:
   \   000000                DS8 2

   \                                 In  segment DATA16_AN, at 0x352
   \   unsigned short volatile TA0CCR0
   \                     TA0CCR0:
   \   000000                DS8 2

   \                                 In  segment DATA16_AN, at 0x360
   \   unsigned short volatile TA0EX0
   \                     TA0EX0:
   \   000000                DS8 2
      2          #include  "functions.h"
      3          #include  "macros.h"
      4          
      5          //volatile int Time = 0;

   \                                 In  segment DATA16_I, align 2, align-sorted
   \   000000                REQUIRE ?cstart_init_copy
      6          volatile int sw1Debounce = DISABLE_DEBOUNCE, sw2Debounce = DISABLE_DEBOUNCE;
   \                     sw1Debounce:
   \   000000                DS8 2
   \   000002                REQUIRE `?<Initializer for sw1Debounce>`

   \                                 In  segment DATA16_I, align 2, align-sorted
   \   000000                REQUIRE ?cstart_init_copy
   \                     sw2Debounce:
   \   000000                DS8 2
   \   000002                REQUIRE `?<Initializer for sw2Debounce>`
      7          

   \                                 In  segment CODE, align 2
      8          void Init_Interrupts(void)
   \                     Init_Interrupts:
      9          {
     10          	Serial_Init();
   \   000000   ........     CALLA   #Serial_Init
     11          	
     12          	P4IFG &= ~SW1;
   \   000004   D2C33D02     BIC.B   #0x1, &0x23d
     13          	P4IFG &= ~SW2;
   \   000008   E2C33D02     BIC.B   #0x2, &0x23d
     14          	P4IE |= SW1;
   \   00000C   D2D33B02     BIS.B   #0x1, &0x23b
     15          	P4IE |= SW2;
   \   000010   E2D33B02     BIS.B   #0x2, &0x23b
     16          	P4IES |= SW1 | SW2;
   \   000014   F2D003003902 BIS.B   #0x3, &0x239
     17          	
     18          	TA0CTL |= TASSEL__SMCLK;
   \   00001A   B2D000024003 BIS.W   #0x200, &0x340
     19          	TA0CTL |= TACLR;
   \   000020   A2D24003     BIS.W   #0x4, &0x340
     20          	TA0CTL |= MC__UP;
   \   000024   B2D010004003 BIS.W   #0x10, &0x340
     21          	TA0CTL |= ID__2;
   \   00002A   B2D040004003 BIS.W   #0x40, &0x340
     22          	TA0CTL &= ~TAIE;
   \   000030   A2C34003     BIC.W   #0x2, &0x340
     23          	TA0CTL &= ~TAIFG;
   \   000034   92C34003     BIC.W   #0x1, &0x340
     24          	
     25          	TA0EX0 = TAIDEX_7;
   \   000038   B24007006003 MOV.W   #0x7, &0x360
     26          	
     27          	TA0CCR0 = TA0_ROLLOVER; //1ms
   \   00003E   B240F4015203 MOV.W   #0x1f4, &0x352
     28          	TA0CCTL0 |= CCIE;    
   \   000044   B2D010004203 BIS.W   #0x10, &0x342
     29          		
     30          		
     31          	//Init ADC
     32          #define RESET_STATE (0); 
     33          	ADC10CTL0 = RESET_STATE; // Clear ADC10CTL0
   \   00004A   82430007     MOV.W   #0x0, &0x700
     34          	ADC10CTL0 |= ADC10SHT_2; // 16 ADC clocks
   \   00004E   B2D000020007 BIS.W   #0x200, &0x700
     35          	ADC10CTL0 &= ~ADC10MSC; // Single Sequence
   \   000054   B2C080000007 BIC.W   #0x80, &0x700
     36          	ADC10CTL0 |= ADC10ON; // ADC ON - Core Enabled
   \   00005A   B2D010000007 BIS.W   #0x10, &0x700
     37          	
     38          	ADC10CTL1 = RESET_STATE; // Clear ADC10CTL1
   \   000060   82430207     MOV.W   #0x0, &0x702
     39          	ADC10CTL1 |= ADC10SHS_0; // ADC10SC bit
   \   000064   924202070207 MOV.W   &0x702, &0x702
     40          	ADC10CTL1 |= ADC10SHP; // SAMPCON signal sourced from sampling timer
   \   00006A   B2D000020207 BIS.W   #0x200, &0x702
     41          	ADC10CTL1 &= ~ADC10ISSH; // The sample-input signal is not inverted.
   \   000070   B2C000010207 BIC.W   #0x100, &0x702
     42          	ADC10CTL1 |= ADC10DIV_0; // ADC10_B clock divider – Divide by 1.
   \   000076   924202070207 MOV.W   &0x702, &0x702
     43          	ADC10CTL1 |= ADC10SSEL_0; // MODCLK
   \   00007C   924202070207 MOV.W   &0x702, &0x702
     44          	ADC10CTL1 |= ADC10CONSEQ_0; // Single-channel, single-conversion
   \   000082   924202070207 MOV.W   &0x702, &0x702
     45          	
     46          	ADC10CTL2 = RESET_STATE; // Clear ADC10CTL2
   \   000088   82430407     MOV.W   #0x0, &0x704
     47          	ADC10CTL2 |= ADC10DIV_0; // Pre-divide by 1
   \   00008C   924204070407 MOV.W   &0x704, &0x704
     48          	ADC10CTL2 |= ADC10RES; // 10-bit resolution
   \   000092   B2D010000407 BIS.W   #0x10, &0x704
     49          	ADC10CTL2 &= ~ADC10DF; // Binary unsigned
   \   000098   B2C20407     BIC.W   #0x8, &0x704
     50          	ADC10CTL2 &= ~ADC10SR; // supports up to approximately 200 ksps
   \   00009C   A2C20407     BIC.W   #0x4, &0x704
     51          	
     52          	ADC10MCTL0 = RESET_STATE; // Clear ADC10MCTL0
   \   0000A0   82430A07     MOV.W   #0x0, &0x70a
     53          	ADC10MCTL0 |= ADC10SREF_0; // V(R+) = AVCC and V(R-) = AVSS
   \   0000A4   92420A070A07 MOV.W   &0x70a, &0x70a
     54          	ADC10MCTL0 |= ADC10INCH_3; // Channel A3 Thumb Wheel
   \   0000AA   B2D003000A07 BIS.W   #0x3, &0x70a
     55          	ADC10IE |= ADC10IE0; // Enable ADC conversion complete interrupt
   \   0000B0   92D31A07     BIS.W   #0x1, &0x71a
     56          }
   \   0000B4   1001         RETA
   \   0000B6                REQUIRE _A_PBIFG_L
   \   0000B6                REQUIRE _A_PBIE_L
   \   0000B6                REQUIRE _A_PBIES_L
   \   0000B6                REQUIRE TA0CTL
   \   0000B6                REQUIRE TA0EX0
   \   0000B6                REQUIRE TA0CCR0
   \   0000B6                REQUIRE TA0CCTL0
   \   0000B6                REQUIRE _A_ADC10CTL0_L
   \   0000B6                REQUIRE _A_ADC10CTL1_L
   \   0000B6                REQUIRE _A_ADC10CTL2_L
   \   0000B6                REQUIRE _A_ADC10MCTL0_L
   \   0000B6                REQUIRE _A_ADC10IE_L

   \                                 In  segment DATA16_ID, align 2, align-sorted
   \                     `?<Initializer for sw1Debounce>`:
   \   000000   FFFF         DC16 -1

   \                                 In  segment DATA16_ID, align 2, align-sorted
   \                     `?<Initializer for sw2Debounce>`:
   \   000000   FFFF         DC16 -1
     57          
     58          
     59          
     60          
     61          

   Maximum stack usage in bytes:

   CSTACK Function
   ------ --------
      4   Init_Interrupts
        4   -> Serial_Init


   Segment part sizes:

   Bytes  Function/Label
   -----  --------------
       2  ?<Initializer for sw1Debounce>
       2  ?<Initializer for sw2Debounce>
     182  Init_Interrupts
       2  TA0CCR0
       2  TA0CCTL0
       2  TA0CTL
       2  TA0EX0
       2  _A_ADC10CTL0_L
       2  _A_ADC10CTL1_L
       2  _A_ADC10CTL2_L
       2  _A_ADC10IE_L
       2  _A_ADC10MCTL0_L
       2  _A_PBIES_L
       2  _A_PBIE_L
       2  _A_PBIFG_L
       2  sw1Debounce
       2  sw2Debounce

 
 182 bytes in segment CODE
  24 bytes in segment DATA16_AN
   4 bytes in segment DATA16_I
   4 bytes in segment DATA16_ID
 
 182 bytes of CODE  memory
   4 bytes of CONST memory
   4 bytes of DATA  memory (+ 24 bytes shared)

Errors: none
Warnings: none
